---
source: crates/iota-swarm-config/tests/snapshot_tests.rs
expression: genesis.iota_system_object().into_genesis_version_for_tooling()
---
epoch: 0
protocol_version: 31
system_state_version: 1
iota_treasury_cap:
  inner:
    id:
      id: "0x5a95edf747ce6267bab0a8dc6d69c211044c3c3e410500d3ea89d8bf6064d24e"
    total_supply:
      value: "751500000000000000"
validators:
  total_stake: 1500000000000000
  active_validators:
    - metadata:
        iota_address: "0xb877dacaef0724a0a155ad7c6ae1289580b96646aef3caafd6ebcb1bcf8bd13f"
        authority_pubkey_bytes:
          - 153
          - 242
          - 94
          - 246
          - 31
          - 128
          - 50
          - 185
          - 20
          - 99
          - 100
          - 96
          - 152
          - 44
          - 92
          - 198
          - 241
          - 52
          - 239
          - 29
          - 218
          - 231
          - 102
          - 87
          - 242
          - 203
          - 254
          - 193
          - 235
          - 252
          - 141
          - 9
          - 115
          - 116
          - 8
          - 13
          - 246
          - 252
          - 240
          - 220
          - 184
          - 188
          - 75
          - 13
          - 142
          - 10
          - 245
          - 216
          - 14
          - 187
          - 255
          - 43
          - 76
          - 89
          - 159
          - 84
          - 244
          - 45
          - 99
          - 18
          - 223
          - 195
          - 20
          - 39
          - 96
          - 120
          - 193
          - 204
          - 52
          - 126
          - 187
          - 190
          - 197
          - 25
          - 139
          - 226
          - 88
          - 81
          - 63
          - 56
          - 107
          - 147
          - 13
          - 2
          - 194
          - 116
          - 154
          - 128
          - 62
          - 35
          - 48
          - 149
          - 94
          - 189
          - 26
          - 16
        network_pubkey_bytes:
          - 148
          - 228
          - 168
          - 73
          - 49
          - 68
          - 233
          - 230
          - 150
          - 32
          - 140
          - 190
          - 208
          - 2
          - 89
          - 230
          - 221
          - 181
          - 111
          - 151
          - 155
          - 145
          - 195
          - 41
          - 103
          - 86
          - 9
          - 133
          - 190
          - 97
          - 144
          - 155
        protocol_pubkey_bytes:
          - 31
          - 42
          - 121
          - 1
          - 168
          - 66
          - 228
          - 211
          - 98
          - 59
          - 198
          - 28
          - 225
          - 193
          - 113
          - 125
          - 46
          - 118
          - 142
          - 15
          - 215
          - 45
          - 248
          - 52
          - 26
          - 245
          - 102
          - 21
          - 185
          - 22
          - 240
          - 56
        proof_of_possession_bytes:
          - 185
          - 60
          - 204
          - 156
          - 218
          - 197
          - 31
          - 107
          - 109
          - 84
          - 191
          - 98
          - 196
          - 9
          - 17
          - 141
          - 243
          - 38
          - 4
          - 23
          - 37
          - 149
          - 114
          - 51
          - 168
          - 186
          - 243
          - 141
          - 189
          - 48
          - 40
          - 187
          - 147
          - 104
          - 20
          - 211
          - 60
          - 160
          - 197
          - 136
          - 139
          - 70
          - 112
          - 193
          - 80
          - 163
          - 186
          - 226
        name: "0"
        description: ""
        image_url: ""
        project_url: ""
        net_address: /ip4/127.0.0.1/tcp/80
        p2p_address: /ip4/127.0.0.1/udp/80
        primary_address: /ip4/127.0.0.1/udp/80
        next_epoch_authority_pubkey_bytes: ~
        next_epoch_proof_of_possession: ~
        next_epoch_network_pubkey_bytes: ~
        next_epoch_protocol_pubkey_bytes: ~
        next_epoch_net_address: ~
        next_epoch_p2p_address: ~
        next_epoch_primary_address: ~
        extra_fields:
          id:
            id: "0x13e78ee6096efb5fa4c6055f07552867427639252f131af9521d8aa4dd9af53f"
          size: 0
      voting_power: 10000
      operation_cap_id: "0x16127a944c36cd58eebfe002adbc44d38a80b09a6ddfedb4b0e0c7a6b7a33bd6"
      gas_price: 1000
      staking_pool:
        id: "0x5a4431ba1f8a0052f7c0dc9232c906b71c31e41fe879109f6dd93a104f0cec37"
        activation_epoch: 0
        deactivation_epoch: ~
        iota_balance: 1500000000000000
        rewards_pool:
          value: 0
        pool_token_balance: 1500000000000000
        exchange_rates:
          id: "0x05af17a8c47f45f3909e6016da083e5b6d230656ee77103e9bb3b3cc80dc9f60"
          size: 1
        pending_stake: 0
        pending_total_iota_withdraw: 0
        pending_pool_token_withdraw: 0
        extra_fields:
          id:
            id: "0xf47059fccd15e1c550bd2c506048ffef3acb400c56200ef1f7311cf07b926358"
          size: 0
      commission_rate: 200
      next_epoch_stake: 1500000000000000
      next_epoch_gas_price: 1000
      next_epoch_commission_rate: 200
      extra_fields:
        id:
          id: "0x807f4fbd2038b9847ab8906a1d1ecd750453912735a371c80db5cf566d10898a"
        size: 0
  pending_active_validators:
    contents:
      id: "0xdb41f52962355d20857cfb07f745c48e8719492648113703cd3801921ecc1396"
      size: 0
  pending_removals: []
  staking_pool_mappings:
    id: "0xbc359b2f410f6d3d3b25abed095425df4ec2b7782ec17b770eda9d2a4d388b8a"
    size: 1
  inactive_validators:
    id: "0xc648360a59602db67153edeabe97b7d44443287fca43dba5d1852ba79856bad0"
    size: 0
  validator_candidates:
    id: "0x7110e3007e91e72fb943c7525a0db60aeb28b4e636664488c3824785707b6759"
    size: 0
  at_risk_validators:
    contents: []
  extra_fields:
    id:
      id: "0x0df85e63997874612af85329a1b01c3ecf0149ffbdd10ef7f8c66b1715c89972"
    size: 0
storage_fund:
  total_object_storage_rebates:
    value: 0
  non_refundable_balance:
    value: 0
parameters:
  epoch_duration_ms: 86400000
  min_validator_count: 4
  max_validator_count: 150
  min_validator_joining_stake: 0
  validator_low_stake_threshold: 0
  validator_very_low_stake_threshold: 0
  validator_low_stake_grace_period: 0
  extra_fields:
    id:
      id: "0x66e7273a1cb75432a54a334f329761d42f6e81dd1d1dedc627c1e6cfee2cbb4e"
    size: 0
iota_system_admin_cap:
  dummy_field: false
reference_gas_price: 1000
validator_report_records:
  contents: []
safe_mode: false
safe_mode_storage_charges:
  value: 0
safe_mode_computation_rewards:
  value: 0
safe_mode_storage_rebates: 0
safe_mode_non_refundable_storage_fee: 0
epoch_start_timestamp_ms: 10
extra_fields:
  id:
    id: "0xf353822fefac48beb0b403c724849282d02d68dd5a9e886e9528e38eeae56497"
  size: 0
